[backblue.gif]
[fade.gif]
[index.html]
[www.gathering.org/tg21/static/favicon5e1f.ico]
[www.gathering.org/tg21/static/apple-icon-57x57.png]
[www.gathering.org/tg21/static/apple-icon-60x60.png]
[www.gathering.org/tg21/static/apple-icon-72x72.png]
[www.gathering.org/tg21/static/apple-icon-76x76.png]
[www.gathering.org/tg21/static/apple-icon-114x114.png]
[www.gathering.org/tg21/static/apple-icon-120x120.png]
[www.gathering.org/tg21/static/apple-icon-144x144.png]
[www.gathering.org/tg21/static/apple-icon-152x152.png]
[www.gathering.org/tg21/static/apple-icon-180x180.png]
[www.gathering.org/tg21/static/android-icon-192x192.png]
[www.gathering.org/tg21/static/favicon-32x32.png]
[www.gathering.org/tg21/static/favicon-96x96.png]
[www.gathering.org/tg21/static/favicon-16x16.png]
[www.gathering.org/api/wp-content/uploads/2018/01/tg21_online_header.png]
[www.gathering.org/api/wp-content/uploads/2021/10/TG21OnlineLogo.png]
[www.gathering.org/api/wp-content/uploads/2021/03/image-300x169.png]
[www.gathering.org/api/wp-content/uploads/2018/02/creative_foxboron_article_header-300x200.jpg]
[www.gathering.org/api/wp-content/uploads/2021/03/MG_2747edit-300x200.jpg]
[www.gathering.org/api/wp-content/uploads/2020/02/cosplaydommerRoni-248x300.jpg]
[www.gathering.org/api/wp-content/uploads/2021/04/CosplayTG21-300x113.jpg]
[www.gathering.org/api/wp-content/uploads/2020/04/Minecraft-Xbox-One-Edition-Release-300x169.jpg]
[www.gathering.org/api/wp-content/uploads/2021/03/TGO21-1920x1080-1-300x169.png]
[www.gathering.org/api/wp-content/uploads/2021/03/Discord-new-white-on-bluerple.png]
[www.gathering.org/api/wp-content/uploads/2020/12/MG_1974-300x200.jpg]
[www.gathering.org/api/wp-content/uploads/2021/02/MG_2025-300x200.jpg]
[www.gathering.org/tg21/web-client-309fa02bace796326589.js]
[www.gathering.org/tg21/web-vendor-309fa02bace796326589.js]
[www.gathering.org/tg21/web-vendors_vendor-309fa02bace796326589.js]
[www.gathering.org/tg21/index.html]
[www.gathering.org/tg21/article/7043/spillkonkurranser-pa-tgonline-21.html]
[www.gathering.org/api/wp-content/uploads/2018/12/KontaktOss.png]
[www.gathering.org/api/wp-content/uploads/2018/12/KontaktOss-300x105.png]
[www.gathering.org/tg21/page/kontakt.html]
[www.gathering.org/api/wp-content/uploads/2020/04/pngfuel.com_.png]
[www.gathering.org/tg21/page/partner.html]
[www.gathering.org/api/wp-content/uploads/2018/10/crew_digger_også_konserter_article_header.jpg]
[www.gathering.org/tg21/page/vil-du-vaere-med-a-arrangere-the-gathering.html]
[www.gathering.org/tg21/search.html]
[www.gathering.org/tg21/article/7366/tg21online-escape.html]
[www.gathering.org/api/wp-content/uploads/2021/04/GameJam2.png]
[www.gathering.org/api/wp-content/uploads/2021/04/GameJam3.png]
[www.gathering.org/api/wp-content/uploads/2021/04/FastGFX-1024x576.png]
[www.gathering.org/api/wp-content/uploads/2021/04/FastGFX2JPG.jpg]
[www.gathering.org/api/wp-content/uploads/2021/04/FastGFX3JPG-scaled.jpg]
[www.gathering.org/api/wp-content/uploads/2021/04/FreestyleGFXJPG-1024x768.jpg]
[www.gathering.org/api/wp-content/uploads/2021/04/FreestyleGFX2.png]
[www.gathering.org/api/wp-content/uploads/2021/04/Demo-1024x576.png]
[www.gathering.org/api/wp-content/uploads/2021/04/Photo-1024x683.jpg]
[www.gathering.org/api/wp-content/uploads/2021/04/Photo2.jpg]
[www.gathering.org/api/wp-content/uploads/2021/04/Photo3-scaled.jpg]
[www.gathering.org/api/wp-content/uploads/2021/04/PimpMyHjemmekontor3.jpg]
[www.gathering.org/api/wp-content/uploads/2021/04/Casemod-768x1024.jpg]
[www.gathering.org/api/wp-content/uploads/2021/04/HyperfastGFX-1024x576.jpg]
[www.gathering.org/tg21/article/7479/vinnerne-av-kreative-konkurranser.html]
[www.gathering.org/tg21/calendar.html]
[www.gathering.org/api/wp-content/uploads/2021/04/CosplayTG21.jpg]
[www.gathering.org/api/wp-content/uploads/2021/04/2021-04-01-16_54_25.8980200_resized_20210402_025715867-719x1024.jpg]
[www.gathering.org/api/wp-content/uploads/2021/04/IMG_20210329_180500_570-1-819x1024.jpg]
[www.gathering.org/api/wp-content/uploads/2021/04/FB_IMG_1534794557436-683x1024.jpg]
[www.gathering.org/api/wp-content/uploads/2020/02/CosplaydommerLillitinwonderland-650x1024.jpg]
[www.gathering.org/tg21/article/7454/mot-cosplaydommerne-2.html]
[www.gathering.org/api/wp-content/uploads/2020/04/Minecraft-Xbox-One-Edition-Release.jpg]
[www.gathering.org/tg21/article/7418/minecraft-pa-tg21online.html]
[www.gathering.org/api/wp-content/uploads/2021/03/TGO21-1920x1080-1.png]
[www.gathering.org/api/wp-content/uploads/2021/03/TGO21-1080x2220-1.png]
[www.gathering.org/api/wp-content/uploads/2021/03/TGO21-1080x1920-1.png]
[www.gathering.org/api/wp-content/uploads/2021/03/TGO21-3840x2160-1.png]
[www.gathering.org/api/wp-content/uploads/2021/03/TGO21-3440x1440-1.png]
[www.gathering.org/api/wp-content/uploads/2021/03/TGO21-2560x1600-1.png]
[www.gathering.org/api/wp-content/uploads/2021/03/TGO21-1920x1200-1.png]
[www.gathering.org/api/wp-content/uploads/2021/03/TGO21-2960x1050-1.png]
[www.gathering.org/api/wp-content/uploads/2021/03/TGO21-5760x1200-1.jpg]
[www.gathering.org/api/wp-content/uploads/2021/03/TGO21-5760x1080-1.jpg]
[www.gathering.org/tg21/article/7132/arets-wallpapers.html]
[www.gathering.org/tg21/article/7429/tg21online-discord.html]
[www.gathering.org/api/wp-content/uploads/2020/12/MG_1974-scaled.jpg]
[www.gathering.org/tg21/article/6969/the-gathering-2021-er-avlyst.html]
[www.gathering.org/tg21/article/7013/refusjonslosninger-for-tg21.html]
[www.gathering.org/api/wp-content/uploads/2021/03/Eir_by_Vilde_Marie_aka_Virafiel.jpg]
[www.gathering.org/tg21/article/7085/creative-compos-tgo.html]
[www.gathering.org/api/wp-content/uploads/2018/03/creativity-153667_960_720.png]
[www.gathering.org/api/wp-content/uploads/2018/03/creativity-153667_960_720-300x201.png]
[www.gathering.org/tg21/page/presse.html]
[www.gathering.org/api/wp-content/uploads/2018/03/DSC3351.jpg]
[www.gathering.org/api/wp-content/uploads/2018/03/DSC3351-300x199.jpg]
[www.gathering.org/tg21/page/visste-du-at.html]
[www.gathering.org/tg21/page/mailto_tg20event-editorial@list.gathering.html]
[www.gathering.org/tg21/page/event.html]
[www.gathering.org/tg21/page/location-soker-serviceansvarlig.html]
[www.gathering.org/tg21/page/core.html]
[www.gathering.org/tg21/page/nestleder-kommunikasjon.html]
[www.gathering.org/tg21/page/deltakerombudet-soker-nk.html]
[www.gathering.org/api/wp-content/uploads/2020/02/cosplaydommerRoni.jpg]
[www.gathering.org/tg21/article/7189/cosplay-pa-tgonline.html]
[www.gathering.org/api/wp-content/uploads/2018/03/Cosplay_dommere.png]
[www.gathering.org/api/wp-content/uploads/2018/03/Cosplay_dommere-300x166.png]
[www.gathering.org/api/wp-content/uploads/2018/03/FB_IMG_1520893723025.jpg]
[www.gathering.org/api/wp-content/uploads/2018/03/DSC_0094A.jpg]
[www.gathering.org/tg21/article/2143/mot-arets-cosplaydommere.html]
[www.gathering.org/tg21/article/7454/mailto_tg20event-editorial@list.gathering.html]
[www.gathering.org/tg21/article/7418/mailto_tg20event-editorial@list.gathering.html]
[www.gathering.org/tg21/article/7132/mailto_tg20event-editorial@list.gathering.html]
[www.gathering.org/tg21/article/7429/mailto_tg20event-editorial@list.gathering.html]
[www.gathering.org/tg21/article/6969/mailto_tg20event-editorial@list.gathering.html]
[www.gathering.org/tg21/page/bli-medlem.html]
[www.gathering.org/tg21/mailto_tg20event-editorial@list.gathering.html]
[www.gathering.org/tg21/article/7085/mailto_tg20event-editorial@list.gathering.html]
[www.gathering.org/tg21/article/7043/mailto_tg20event-editorial@list.gathering.html]
[www.gathering.org/tg21/article/7366/mailto_tg20event-editorial@list.gathering.html]
[www.gathering.org/tg21/article/7479/mailto_tg20event-editorial@list.gathering.html]
[www.gathering.org/tg21/article/7189/mailto_tg20event-editorial@list.gathering.html]
[www.gathering.org/tg21/article/2143/mailto_tg20event-editorial@list.gathering.html]
[www.gathering.org/tg21/article/7013/mailto_tg20event-editorial@list.gathering.html]
[www.gathering.org/api/wp-content/uploads/2018/01/tg21_online_header.png]
[www.gathering.org/api/wp-content/uploads/2018/02/creative_foxboron_article_header-300x200.jpg]
[www.gathering.org/api/wp-content/uploads/2021/04/CosplayTG21-300x113.jpg]
[www.gathering.org/api/wp-content/uploads/2021/03/TGO21-1920x1080-1-300x169.png]
[www.gathering.org/api/wp-content/uploads/2021/03/Discord-new-white-on-bluerple.png]
[www.gathering.org/api/wp-content/uploads/2020/12/MG_1974-300x200.jpg]
[www.gathering.org/api/wp-content/uploads/2021/02/MG_2025-300x200.jpg]
[www.gathering.org/tg21/web-client-309fa02bace796326589.js]
[www.gathering.org/tg21/web-vendor-309fa02bace796326589.js]
[www.gathering.org/tg21/web-vendors_vendor-309fa02bace796326589.js]
[www.gathering.org/tg21/web-client-309fa02bace796326589.css]
[www.gathering.org/api/wp-content/uploads/2018/12/KontaktOss-300x105.png]
[www.gathering.org/tg21/web-vendor-309fa02bace796326589.css]
[www.gathering.org/api/wp-content/uploads/2021/04/FastGFX-1024x576.png]
[www.gathering.org/api/wp-content/uploads/2021/04/FastGFX2JPG.jpg]
[www.gathering.org/api/wp-content/uploads/2021/04/FreestyleGFX2.png]
[www.gathering.org/api/wp-content/uploads/2021/04/Demo-1024x576.png]
[www.gathering.org/tg21/article/7479/vinnerne-av-kreative-konkurranser.html]
[www.gathering.org/api/wp-content/uploads/2021/04/Photo-1024x683.jpg]
[www.gathering.org/api/wp-content/uploads/2021/04/Photo2.jpg]
[www.gathering.org/api/wp-content/uploads/2019/03/kandu_v2_liggende_black.svg]
[www.gathering.org/api/wp-content/uploads/2021/04/Photo3-scaled.jpg]
[www.gathering.org/api/wp-content/uploads/2018/01/elkjop_black-1.svg]
[www.gathering.org/api/wp-content/uploads/2021/04/CosplayTG21.jpg]
[www.gathering.org/api/wp-content/uploads/2021/04/FB_IMG_1534794557436-683x1024.jpg]
[www.gathering.org/api/wp-content/uploads/2018/01/nextron_black.svg]
[www.gathering.org/api/wp-content/uploads/2020/02/CosplaydommerLillitinwonderland-650x1024.jpg]
[www.gathering.org/api/wp-content/uploads/2020/04/logo_Google_White_RGB_830x271pt.svg]
[www.gathering.org/api/wp-content/uploads/2021/03/TGO21-1920x1080-1.png]
[www.gathering.org/api/wp-content/uploads/2021/03/kongsberg_logo_horizontal_black.svg]
[www.gathering.org/api/wp-content/uploads/2021/03/TGO21-1080x2220-1.png]
[www.gathering.org/api/wp-content/uploads/2021/03/TGO21-1080x1920-1.png]
[www.gathering.org/api/wp-content/uploads/2020/01/nexthop.svg]
[www.gathering.org/api/wp-content/uploads/2021/03/TGO21-3840x2160-1.png]
[www.gathering.org/api/wp-content/uploads/2021/03/TGO21-3440x1440-1.png]
[www.gathering.org/api/wp-content/uploads/2021/03/TGO21-2560x1600-1.png]
[www.gathering.org/tg21/article/7454/mot-cosplaydommerne-2.html]
[www.gathering.org/api/wp-content/uploads/2021/03/TGO21-1920x1200-1.png]
[www.gathering.org/api/wp-content/uploads/2021/03/TGO21-2960x1050-1.png]
[www.gathering.org/api/wp-content/uploads/2021/03/TGO21-5760x1200-1.jpg]
[www.gathering.org/tg21/article/7132/arets-wallpapers.html]
[www.gathering.org/api/wp-content/uploads/2021/03/TGO21-5760x1080-1.jpg]
[www.gathering.org/api/wp-content/uploads/2020/12/MG_1974-scaled.jpg]
[www.gathering.org/api/wp-content/uploads/2021/03/Eir_by_Vilde_Marie_aka_Virafiel.jpg]
[www.gathering.org/tg21/article/6969/the-gathering-2021-er-avlyst.html]
[www.gathering.org/api/wp-content/uploads/2018/03/DSC3351.jpg]
[www.gathering.org/api/wp-content/uploads/2020/02/cosplaydommerRoni.jpg]
[www.gathering.org/tg21/page/bli-medlem.html]
[www.gathering.org/api/wp-content/uploads/2018/03/Cosplay_dommere.png]
[www.gathering.org/api/wp-content/uploads/2018/03/FB_IMG_1520893723025.jpg]
[www.gathering.org/api/wp-content/uploads/2018/03/DSC_0094A.jpg]
[www.gathering.org/tg21/page/visste-du-at.html]
[www.gathering.org/api/wp-content/uploads/2018/02/creative_foxboron_article_header.jpg]
[www.gathering.org/api/wp-content/uploads/2021/04/GameJam-1024x576.png]
[www.gathering.org/api/wp-content/uploads/2021/03/image.png]
[www.gathering.org/api/wp-content/uploads/2021/04/FreestyleGFX3JPG-scaled.jpg]
[www.gathering.org/api/wp-content/uploads/2021/04/PimpMyHjemmekontorJPG-768x1024.jpg]
[www.gathering.org/api/wp-content/uploads/2021/04/PimpMyHjemmekontor2.jpeg]
[www.gathering.org/tg21/article/2143/mot-arets-cosplaydommere.html]
[www.gathering.org/tg21/article/7454/mailto_tg20event-editorial@list.gathering.html]
[www.gathering.org/api/wp-content/uploads/2021/03/TGO21-1680x1050-1.png]
[www.gathering.org/api/wp-content/uploads/2021/03/TGO21-2560x1440-1.png]
[www.gathering.org/api/wp-content/uploads/2021/03/TGO21-1600x1200-1.png]
[www.gathering.org/api/wp-content/uploads/2021/03/TGO21-3840x1080-1.png]
[www.gathering.org/api/wp-content/uploads/2021/03/TGO21-5760x1200-1-scaled.jpg]
[www.gathering.org/api/wp-content/uploads/2021/02/MG_2025-scaled.jpg]
[www.gathering.org/api/wp-content/uploads/2021/03/Eir_by_Vilde_Marie_aka_Virafiel-300x169.jpg]
[www.gathering.org/tg21/article/7189/mailto_tg20event-editorial@list.gathering.html]
[www.gathering.org/tg21/article/7418/minecraft-pa-tg21online.html]
[www.gathering.org/tg21/article/7429/tg21online-discord.html]
[www.gathering.org/tg21/article/7013/refusjonslosninger-for-tg21.html]
[www.gathering.org/tg21/article/6969/mailto_tg20event-editorial@list.gathering.html]
[www.gathering.org/api/wp-content/uploads/2018/03/11781876_1010451738966618_8160188152648103191_n.jpg]
[www.gathering.org/api/wp-content/uploads/2021/03/MG_2747edit-scaled.jpg]
[www.gathering.org/tg21/article/7132/mailto_tg20event-editorial@list.gathering.html]
