[backblue.gif]
[fade.gif]
[index.html]
[www.gathering.org/tg21/index.html]
[www.gathering.org/tg21/article/7043/spillkonkurranser-pa-tgonline-21.html]
[www.gathering.org/tg21/page/kontakt.html]
[www.gathering.org/tg21/page/partner.html]
[www.gathering.org/tg21/page/vil-du-vaere-med-a-arrangere-the-gathering.html]
[www.gathering.org/tg21/search.html]
[www.gathering.org/tg21/article/7189/cosplay-pa-tgonline.html]
[www.gathering.org/tg21/article/7454/mot-cosplaydommerne-2.html]
[www.gathering.org/tg21/article/7418/minecraft-pa-tg21online.html]
[www.gathering.org/tg21/article/7132/arets-wallpapers.html]
[www.gathering.org/tg21/article/7013/refusjonslosninger-for-tg21.html]
[www.gathering.org/tg21/page/bli-medlem.html]
[www.gathering.org/tg21/mailto_tg20event-editorial@list.gathering.html]
[www.gathering.org/tg21/page/presse.html]
[www.gathering.org/tg21/page/visste-du-at.html]
[www.gathering.org/tg21/page/location-soker-serviceansvarlig.html]
[www.gathering.org/tg21/page/nestleder-kommunikasjon.html]
[www.gathering.org/tg21/article/7479/vinnerne-av-kreative-konkurranser.html]
[www.gathering.org/tg21/calendar.html]
[www.gathering.org/tg21/article/2143/mot-arets-cosplaydommere.html]
[www.gathering.org/tg21/article/7418/mailto_tg20event-editorial@list.gathering.html]
[www.gathering.org/tg21/article/6969/the-gathering-2021-er-avlyst.html]
[www.gathering.org/tg21/article/7013/mailto_tg20event-editorial@list.gathering.html]
[www.gathering.org/tg21/article/7043/mailto_tg20event-editorial@list.gathering.html]
[www.gathering.org/tg21/page/event.html]
[www.gathering.org/tg21/article/7366/tg21online-escape.html]
[www.gathering.org/tg21/article/7479/mailto_tg20event-editorial@list.gathering.html]
[www.gathering.org/tg21/article/7189/mailto_tg20event-editorial@list.gathering.html]
[www.gathering.org/tg21/article/7454/mailto_tg20event-editorial@list.gathering.html]
[www.gathering.org/tg21/article/7429/tg21online-discord.html]
[www.gathering.org/tg21/article/7085/creative-compos-tgo.html]
[www.gathering.org/tg21/page/mailto_tg20event-editorial@list.gathering.org]
[www.gathering.org/tg21/page/core.html]
[www.gathering.org/tg21/page/deltakerombudet-soker-nk.html]
[www.gathering.org/tg21/article/7366/mailto_tg20event-editorial@list.gathering.html]
[www.gathering.org/tg21/article/2143/mailto_tg20event-editorial@list.gathering.html]
[www.gathering.org/tg21/article/7132/mailto_tg20event-editorial@list.gathering.html]
[www.gathering.org/tg21/article/7429/mailto_tg20event-editorial@list.gathering.html]
[www.gathering.org/tg21/article/6969/mailto_tg20event-editorial@list.gathering.html]
[www.gathering.org/tg21/static/apple-icon-57x57.png]
[www.gathering.org/tg21/static/favicon5e1f.ico]
[www.gathering.org/tg21/static/apple-icon-72x72.png]
[www.gathering.org/tg21/static/apple-icon-76x76.png]
[www.gathering.org/tg21/static/apple-icon-152x152.png]
[www.gathering.org/tg21/static/apple-icon-180x180.png]
[www.gathering.org/tg21/static/favicon-32x32.png]
[www.gathering.org/tg21/static/favicon-96x96.png]
[www.gathering.org/tg21/web-client-309fa02bace796326589.js]
[www.gathering.org/tg21/web-vendor-309fa02bace796326589.css]
[www.gathering.org/tg21/static/apple-icon-60x60.png]
[www.gathering.org/tg21/static/apple-icon-114x114.png]
[www.gathering.org/tg21/static/android-icon-192x192.png]
[www.gathering.org/tg21/static/favicon-16x16.png]
[www.gathering.org/tg21/static/apple-icon-120x120.png]
[www.gathering.org/tg21/web-vendor-309fa02bace796326589.js]
[www.gathering.org/tg21/static/apple-icon-144x144.png]
[www.gathering.org/tg21/web-client-309fa02bace796326589.css]
[www.gathering.org/tg21/web-vendors_vendor-309fa02bace796326589.js]
